// Vitest Snapshot v1, https://vitest.dev/guide/snapshot.html

exports[`PriceRangeInput stories snapshot > FullyFeatured story renders and matches snapshot 1`] = `
<div>
  <div
    class="space-y-4 w-96"
  >
    <div
      class="flex flex-row gap-3 items-center justify-start self-stretch shrink-0 relative"
    >
      <div
        class="rounded-none border-solid border-[var(--input)] border py-2 px-3 flex flex-row gap-2 items-center justify-start flex-1 relative overflow-hidden shadow-xs"
      >
        <span
          aria-hidden="true"
          class="shrink-0 flex items-center justify-center text-sm text-muted-foreground"
        >
          £
        </span>
        <div
          class="text-muted-foreground text-left text-sm leading-normal font-normal relative overflow-hidden flex-1 truncate whitespace-nowrap"
        >
          <input
            class="file:text-foreground selection:bg-primary selection:text-primary-foreground border-input min-w-0 rounded-md shadow-xs transition-[color,box-shadow] outline-none file:inline-flex file:h-7 file:border-0 file:bg-transparent file:text-sm file:font-medium disabled:pointer-events-none disabled:cursor-not-allowed disabled:opacity-50 md:text-sm focus-visible:border-ring focus-visible:ring-ring/50 aria-invalid:ring-destructive/20 aria-invalid:border-destructive border-0 p-0 h-auto text-sm bg-transparent focus-visible:ring-0 focus-visible:ring-offset-0 placeholder:text-muted-foreground w-full"
            data-slot="input"
            min="0"
            placeholder="Min"
            type="number"
            value=""
          />
        </div>
      </div>
      <div
        class="text-foreground text-left text-sm leading-none font-normal relative"
      >
        to
      </div>
      <div
        class="rounded-none border-solid border-[var(--input)] border py-2 px-3 flex flex-row gap-2 items-center justify-start flex-1 relative overflow-hidden shadow-xs"
      >
        <span
          aria-hidden="true"
          class="shrink-0 flex items-center justify-center text-sm text-muted-foreground"
        >
          £
        </span>
        <div
          class="text-muted-foreground text-left text-sm leading-normal font-normal relative overflow-hidden flex-1 truncate whitespace-nowrap"
        >
          <input
            class="file:text-foreground selection:bg-primary selection:text-primary-foreground border-input min-w-0 rounded-md shadow-xs transition-[color,box-shadow] outline-none file:inline-flex file:h-7 file:border-0 file:bg-transparent file:text-sm file:font-medium disabled:pointer-events-none disabled:cursor-not-allowed disabled:opacity-50 md:text-sm focus-visible:border-ring focus-visible:ring-ring/50 aria-invalid:ring-destructive/20 aria-invalid:border-destructive border-0 p-0 h-auto text-sm bg-transparent focus-visible:ring-0 focus-visible:ring-offset-0 placeholder:text-muted-foreground w-full"
            data-slot="input"
            min="0"
            placeholder="Max"
            type="number"
            value=""
          />
        </div>
      </div>
    </div>
  </div>
</div>
`;

exports[`PriceRangeInput stories snapshot > OutOfRange story renders and matches snapshot 1`] = `
<div>
  <div
    class="space-y-4 w-96"
  >
    <div
      class="flex flex-row gap-3 items-center justify-start self-stretch shrink-0 relative"
    >
      <div
        class="rounded-none border-solid border-[var(--input)] border py-2 px-3 flex flex-row gap-2 items-center justify-start flex-1 relative overflow-hidden shadow-xs"
      >
        <span
          aria-hidden="true"
          class="shrink-0 flex items-center justify-center text-sm text-muted-foreground"
        >
          £
        </span>
        <div
          class="text-muted-foreground text-left text-sm leading-normal font-normal relative overflow-hidden flex-1 truncate whitespace-nowrap"
        >
          <input
            class="file:text-foreground selection:bg-primary selection:text-primary-foreground border-input min-w-0 rounded-md shadow-xs transition-[color,box-shadow] outline-none file:inline-flex file:h-7 file:border-0 file:bg-transparent file:text-sm file:font-medium disabled:pointer-events-none disabled:cursor-not-allowed disabled:opacity-50 md:text-sm focus-visible:border-ring focus-visible:ring-ring/50 aria-invalid:ring-destructive/20 aria-invalid:border-destructive border-0 p-0 h-auto text-sm bg-transparent focus-visible:ring-0 focus-visible:ring-offset-0 placeholder:text-muted-foreground w-full text-destructive"
            data-slot="input"
            min="0"
            placeholder="Min"
            type="number"
            value="600"
          />
        </div>
      </div>
      <div
        class="text-foreground text-left text-sm leading-none font-normal relative"
      >
        to
      </div>
      <div
        class="rounded-none border-solid border-[var(--input)] border py-2 px-3 flex flex-row gap-2 items-center justify-start flex-1 relative overflow-hidden shadow-xs"
      >
        <span
          aria-hidden="true"
          class="shrink-0 flex items-center justify-center text-sm text-muted-foreground"
        >
          £
        </span>
        <div
          class="text-muted-foreground text-left text-sm leading-normal font-normal relative overflow-hidden flex-1 truncate whitespace-nowrap"
        >
          <input
            class="file:text-foreground selection:bg-primary selection:text-primary-foreground border-input min-w-0 rounded-md shadow-xs transition-[color,box-shadow] outline-none file:inline-flex file:h-7 file:border-0 file:bg-transparent file:text-sm file:font-medium disabled:pointer-events-none disabled:cursor-not-allowed disabled:opacity-50 md:text-sm focus-visible:border-ring focus-visible:ring-ring/50 aria-invalid:ring-destructive/20 aria-invalid:border-destructive border-0 p-0 h-auto text-sm bg-transparent focus-visible:ring-0 focus-visible:ring-offset-0 placeholder:text-muted-foreground w-full text-destructive"
            data-slot="input"
            min="0"
            placeholder="Max"
            type="number"
            value="50"
          />
        </div>
      </div>
    </div>
  </div>
</div>
`;
