// Vitest Snapshot v1, https://vitest.dev/guide/snapshot.html

exports[`QuickFilters stories snapshot > EmptyState story renders and matches snapshot 1`] = `null`;

exports[`QuickFilters stories snapshot > FullyFeatured story renders and matches snapshot 1`] = `
<div
  aria-label="Quick category filters"
  class="flex flex-wrap gap-2"
  role="group"
>
  <button
    aria-pressed="false"
    class="inline-flex items-center justify-center transition-all disabled:pointer-events-none disabled:opacity-50 [&_svg]:pointer-events-none [&_svg:not([class*='size-'])]:size-4 shrink-0 [&_svg]:shrink-0 outline-none focus-visible:border-ring focus-visible:ring-ring/50 focus-visible:ring-[3px] aria-invalid:ring-destructive/20 aria-invalid:border-destructive border bg-background shadow-xs hover:bg-accent hover:text-accent-foreground h-8 gap-1.5 px-3 has-[>svg]:px-2.5 whitespace-nowrap rounded-none cursor-pointer text-sm font-normal leading-5 tracking-[-0.15px] text-foreground"
    data-size="sm"
    data-slot="button"
    data-variant="outline"
  >
    Tops
  </button>
  <button
    aria-pressed="false"
    class="inline-flex items-center justify-center transition-all disabled:pointer-events-none disabled:opacity-50 [&_svg]:pointer-events-none [&_svg:not([class*='size-'])]:size-4 shrink-0 [&_svg]:shrink-0 outline-none focus-visible:border-ring focus-visible:ring-ring/50 focus-visible:ring-[3px] aria-invalid:ring-destructive/20 aria-invalid:border-destructive border bg-background shadow-xs hover:bg-accent hover:text-accent-foreground h-8 gap-1.5 px-3 has-[>svg]:px-2.5 whitespace-nowrap rounded-none cursor-pointer text-sm font-normal leading-5 tracking-[-0.15px] text-foreground"
    data-size="sm"
    data-slot="button"
    data-variant="outline"
  >
    Bottoms
  </button>
  <button
    aria-pressed="false"
    class="inline-flex items-center justify-center transition-all disabled:pointer-events-none disabled:opacity-50 [&_svg]:pointer-events-none [&_svg:not([class*='size-'])]:size-4 shrink-0 [&_svg]:shrink-0 outline-none focus-visible:border-ring focus-visible:ring-ring/50 focus-visible:ring-[3px] aria-invalid:ring-destructive/20 aria-invalid:border-destructive border bg-background shadow-xs hover:bg-accent hover:text-accent-foreground h-8 gap-1.5 px-3 has-[>svg]:px-2.5 whitespace-nowrap rounded-none cursor-pointer text-sm font-normal leading-5 tracking-[-0.15px] text-foreground"
    data-size="sm"
    data-slot="button"
    data-variant="outline"
  >
    Dresses
  </button>
  <button
    aria-pressed="false"
    class="inline-flex items-center justify-center transition-all disabled:pointer-events-none disabled:opacity-50 [&_svg]:pointer-events-none [&_svg:not([class*='size-'])]:size-4 shrink-0 [&_svg]:shrink-0 outline-none focus-visible:border-ring focus-visible:ring-ring/50 focus-visible:ring-[3px] aria-invalid:ring-destructive/20 aria-invalid:border-destructive border bg-background shadow-xs hover:bg-accent hover:text-accent-foreground h-8 gap-1.5 px-3 has-[>svg]:px-2.5 whitespace-nowrap rounded-none cursor-pointer text-sm font-normal leading-5 tracking-[-0.15px] text-foreground"
    data-size="sm"
    data-slot="button"
    data-variant="outline"
  >
    Outerwear
  </button>
</div>
`;
